// Jest Snapshot v1, https://goo.gl/fbAQLP

exports[`MinQodGroup tests should render 1`] = `
.c3 {
  display: -webkit-box;
  display: -webkit-flex;
  display: -ms-flexbox;
  display: flex;
  -webkit-flex-direction: row;
  -ms-flex-direction: row;
  flex-direction: row;
  -webkit-box-pack: start;
  -webkit-justify-content: start;
  -ms-flex-pack: start;
  justify-content: start;
  -webkit-align-items: center;
  -webkit-box-align: center;
  -ms-flex-align: center;
  align-items: center;
}

.c5 {
  margin-left: -5px;
}

.c5 > * {
  display: -webkit-inline-box;
  display: -webkit-inline-flex;
  display: -ms-inline-flexbox;
  display: inline-flex;
}

.c5 > * {
  margin-left: 5px;
}

.c4 {
  display: -webkit-inline-box;
  display: -webkit-inline-flex;
  display: -ms-inline-flexbox;
  display: inline-flex;
}

.c0 {
  display: -webkit-box;
  display: -webkit-flex;
  display: -ms-flexbox;
  display: flex;
  -webkit-align-items: center;
  -webkit-box-align: center;
  -ms-flex-align: center;
  align-items: center;
  -webkit-box-pack: start;
  -webkit-justify-content: start;
  -ms-flex-pack: start;
  justify-content: start;
  padding-bottom: 10px;
}

.c1 {
  display: inline-block;
  max-width: 100%;
  font-weight: bold;
  text-align: right;
  padding-left: 10px;
  padding-right: 10px;
  width: 16.66666667%;
  margin-left: 0;
}

.c2 {
  width: 83.33333333%;
  padding-left: 10px;
  padding-right: 10px;
}

.c6 {
  border-radius: 2px;
  border: 1px solid #c8d3d9;
  background-color: #fff;
  font-size: 1.1em;
  position: relative;
  display: inline-block;
  overflow: hidden;
  padding: 0;
  vertical-align: middle;
}

.c7 {
  font-family: inherit;
  font-size: inherit;
  line-height: inherit;
  border: none;
  background: none;
  color: inherit;
  padding: 0;
  margin: 0.2em 0;
  vertical-align: middle;
  margin-left: 0.4em;
  margin-right: 22px;
}

.c9 {
  background-color: #c8d3d9;
  color: #787878;
  border-left: 1px solid #393637;
  width: 16px;
  height: 50%;
  font-size: 0.6em;
  padding: 0;
  margin: 0;
  text-align: center;
  vertical-align: middle;
  position: absolute;
  right: 0;
  cursor: default;
  display: block;
  overflow: hidden;
  -webkit-text-decoration: none;
  text-decoration: none;
  -webkit-user-select: none;
  -moz-user-select: none;
  -ms-user-select: none;
  user-select: none;
}

.c9:hover {
  background-color: #66c430;
  color: #fff;
  -webkit-text-decoration: none;
  text-decoration: none;
}

.c9:active {
  background-color: #fff;
  color: #519032;
  -webkit-text-decoration: none;
  text-decoration: none;
}

.c8 {
  border-top-right-radius: 1px;
  top: 0;
}

.c10 {
  border-bottom-right-radius: 1px;
  bottom: 0;
}

<div
  class="c0"
>
  <label
    class="c1"
    data-testid="formgroup-title"
  >
    QoD
  </label>
  <div
    class="c2 c3"
    data-testid="formgroup-content"
    size="10"
  >
    <div
      class="c4 c3"
    >
      <div
        class="c5 c3"
        margin="5px"
      >
        <span>
          must be at least
        </span>
        <span
          class="c6"
        >
          <input
            class="c7"
            data-testid="spinner-input"
            max="100"
            maxlength="5"
            min="0"
            name="name"
            size="1"
            value="20"
          />
          <span
            class="c8 c9"
            data-testid="spinner-up"
          >
            ▲
          </span>
          <span
            class="c10 c9"
            data-testid="spinner-down"
          >
            ▼
          </span>
        </span>
        <span>
          %
        </span>
      </div>
    </div>
  </div>
</div>
`;
