// Jest Snapshot v1, https://goo.gl/fbAQLP

exports[`NumberField tests should render 1`] = `
<input
  value="1"
/>
`;
