// Jest Snapshot v1, https://goo.gl/fbAQLP

exports[`ToggleButton tests should render 1`] = `
.c0 {
  border-radius: 2px;
  padding: 5px;
  -webkit-user-select: none;
  -moz-user-select: none;
  -ms-user-select: none;
  user-select: none;
  background-color: #c8d3d9;
  color: #393637;
  cursor: pointer;
  width: 32px;
}

<div
  class="c0"
/>
`;
